>>> Generated data 67108864 lines used time 4.67978e-310ms.
>>> Generated constant stride test conditions 31.6%	44.7%	54.7%	63.2%	70.7%	77.4%	83.6%	89.4%	94.8%	100%	
>>> Generated low selection rate test conditions 0.1%	0.3%	1%	3.1%	10%	31.6%	
>>> start projection calculation by Row-wise query processing model in cache with dynamic vector final result
      column selection rate 31.6%, total selection rate 9.9856%
          Result count of selection rate 9.9856% is 6701319/67108864
          Time: 1685.9ms
      column selection rate 44.7%, total selection rate 19.9809%
          Result count of selection rate 19.9809% is 13406483/67108864
          Time: 1483.38ms
      column selection rate 54.7%, total selection rate 29.9209%
          Result count of selection rate 29.9209% is 20074012/67108864
          Time: 2216.12ms
      column selection rate 63.2%, total selection rate 39.9424%
          Result count of selection rate 39.9424% is 26797552/67108864
          Time: 2485.74ms
      column selection rate 70.7%, total selection rate 49.9849%
          Result count of selection rate 49.9849% is 33535023/67108864
          Time: 2819.32ms
      column selection rate 77.4%, total selection rate 59.9076%
          Result count of selection rate 59.9076% is 40192966/67108864
          Time: 5342.89ms
      column selection rate 83.6%, total selection rate 69.8896%
          Result count of selection rate 69.8896% is 46894048/67108864
          Time: 5282.47ms
      column selection rate 89.4%, total selection rate 79.9236%
          Result count of selection rate 79.9236% is 53630732/67108864
          Time: 5115.8ms
      column selection rate 94.8%, total selection rate 89.8704%
          Result count of selection rate 89.8704% is 60311404/67108864
          Time: 5424.91ms
      column selection rate 100%, total selection rate 100%
          Result count of selection rate 100% is 67108864/67108864
          Time: 5889.28ms
>>> start projection calculation by Row-wise query processing model in cache with fixed vector final result
      column selection rate 31.6%, total selection rate 9.9856%
          Result count of selection rate 9.9856% is 6701319/67108864
          Time: 861.414ms
      column selection rate 44.7%, total selection rate 19.9809%
          Result count of selection rate 19.9809% is 13406483/67108864
          Time: 1065.46ms
      column selection rate 54.7%, total selection rate 29.9209%
          Result count of selection rate 29.9209% is 20074012/67108864
          Time: 1145.69ms
      column selection rate 63.2%, total selection rate 39.9424%
          Result count of selection rate 39.9424% is 26797552/67108864
          Time: 1116.77ms
      column selection rate 70.7%, total selection rate 49.9849%
          Result count of selection rate 49.9849% is 33535023/67108864
          Time: 1090.11ms
      column selection rate 77.4%, total selection rate 59.9076%
          Result count of selection rate 59.9076% is 40192966/67108864
          Time: 1239.6ms
      column selection rate 83.6%, total selection rate 69.8896%
          Result count of selection rate 69.8896% is 46894048/67108864
          Time: 1214.89ms
      column selection rate 89.4%, total selection rate 79.9236%
          Result count of selection rate 79.9236% is 53630732/67108864
          Time: 1090.71ms
      column selection rate 94.8%, total selection rate 89.8704%
          Result count of selection rate 89.8704% is 60311404/67108864
          Time: 941.292ms
      column selection rate 100%, total selection rate 100%
          Result count of selection rate 100% is 67108864/67108864
          Time: 911.547ms
>>> start projection calculation by Row-wise query processing model in cache with fixed vector final result in low selection rate test
      column selection rate 0.1 %, total selection rate 0.0001%
          Result count of selection rate 0% is 78/67108864
          Time: 423.217ms
      column selection rate 0.3 %, total selection rate 0.0009%
          Result count of selection rate 0% is 579/67108864
          Time: 438.831ms
      column selection rate 1 %, total selection rate 0.01%
          Result count of selection rate 0.0001% is 6799/67108864
          Time: 437.717ms
      column selection rate 3.1 %, total selection rate 0.0961%
          Result count of selection rate 0.0009% is 64645/67108864
          Time: 446.313ms
      column selection rate 10 %, total selection rate 1%
          Result count of selection rate 0.01% is 669930/67108864
          Time: 531.426ms
      column selection rate 31.6 %, total selection rate 9.9856%
          Result count of selection rate 0.0961% is 6701319/67108864
          Time: 825.987ms
>>> start projection calculation by Row-wise query processing model out of cache with dynamic vector final result
      column selection rate 31.6%, total selection rate 9.9856%
          Result count of selection rate 9.9856% is 6701319/67108864
          Time: 2740.24ms
      column selection rate 44.7%, total selection rate 19.9809%
          Result count of selection rate 19.9809% is 13406483/67108864
          Time: 1993.83ms
      column selection rate 54.7%, total selection rate 29.9209%
          Result count of selection rate 29.9209% is 20074012/67108864
          Time: 2826.69ms
      column selection rate 63.2%, total selection rate 39.9424%
          Result count of selection rate 39.9424% is 26797552/67108864
          Time: 2353.06ms
      column selection rate 70.7%, total selection rate 49.9849%
          Result count of selection rate 49.9849% is 33535023/67108864
          Time: 3200.15ms
      column selection rate 77.4%, total selection rate 59.9076%
          Result count of selection rate 59.9076% is 40192966/67108864
          Time: 3721.06ms
      column selection rate 83.6%, total selection rate 69.8896%
          Result count of selection rate 69.8896% is 46894048/67108864
          Time: 3576.78ms
      column selection rate 89.4%, total selection rate 79.9236%
          Result count of selection rate 79.9236% is 53630732/67108864
          Time: 3545.55ms
      column selection rate 94.8%, total selection rate 89.8704%
          Result count of selection rate 89.8704% is 60311404/67108864
          Time: 4809.82ms
      column selection rate 100%, total selection rate 100%
          Result count of selection rate 100% is 67108864/67108864
          Time: 4072.55ms
>>> start projection calculation by Row-wise query processing model out of cache with fixed vector final result
      column selection rate 31.6%, total selection rate 9.9856%
          Result count of selection rate 9.9856% is 6701319/67108864
          Time: 948.441ms
      column selection rate 44.7%, total selection rate 19.9809%
          Result count of selection rate 19.9809% is 13406483/67108864
          Time: 1120.93ms
      column selection rate 54.7%, total selection rate 29.9209%
          Result count of selection rate 29.9209% is 20074012/67108864
          Time: 1209.83ms
      column selection rate 63.2%, total selection rate 39.9424%
          Result count of selection rate 39.9424% is 26797552/67108864
          Time: 1175.99ms
      column selection rate 70.7%, total selection rate 49.9849%
          Result count of selection rate 49.9849% is 33535023/67108864
          Time: 1205.35ms
      column selection rate 77.4%, total selection rate 59.9076%
          Result count of selection rate 59.9076% is 40192966/67108864
          Time: 1226.43ms
      column selection rate 83.6%, total selection rate 69.8896%
          Result count of selection rate 69.8896% is 46894048/67108864
          Time: 1260.16ms
      column selection rate 89.4%, total selection rate 79.9236%
          Result count of selection rate 79.9236% is 53630732/67108864
          Time: 1069.29ms
      column selection rate 94.8%, total selection rate 89.8704%
          Result count of selection rate 89.8704% is 60311404/67108864
          Time: 988.076ms
      column selection rate 100%, total selection rate 100%
          Result count of selection rate 100% is 67108864/67108864
          Time: 996.374ms
>>> start projection calculation by Column-wise query processing model with early materialization strategy and dynamic vector final result
      column selection rate 31.6%, total selection rate 9.9856%
          Result count of selection rate 9.9856% is 6701319/67108864
          Time: 1148.9ms
      column selection rate 44.7%, total selection rate 19.9809%
          Result count of selection rate 19.9809% is 13406483/67108864
          Time: 1236.78ms
      column selection rate 54.7%, total selection rate 29.9209%
          Result count of selection rate 29.9209% is 20074012/67108864
          Time: 1517.76ms
      column selection rate 63.2%, total selection rate 39.9424%
          Result count of selection rate 39.9424% is 26797552/67108864
          Time: 1729.98ms
      column selection rate 70.7%, total selection rate 49.9849%
          Result count of selection rate 49.9849% is 33535023/67108864
          Time: 2232.22ms
      column selection rate 77.4%, total selection rate 59.9076%
          Result count of selection rate 59.9076% is 40192966/67108864
          Time: 3019.85ms
      column selection rate 83.6%, total selection rate 69.8896%
          Result count of selection rate 69.8896% is 46894048/67108864
          Time: 2494.07ms
      column selection rate 89.4%, total selection rate 79.9236%
          Result count of selection rate 79.9236% is 53630732/67108864
          Time: 2625.67ms
      column selection rate 94.8%, total selection rate 89.8704%
          Result count of selection rate 89.8704% is 60311404/67108864
          Time: 2976.66ms
      column selection rate 100%, total selection rate 100%
          Result count of selection rate 100% is 67108864/67108864
          Time: 4175.91ms
>>> start projection calculation by Column-wise query processing model with early materialization strategy and fixed vector final result
      column selection rate 31.6%, total selection rate 9.9856%
          Result count of selection rate 9.9856% is 6701319/67108864
          Time: 864.241ms
      column selection rate 44.7%, total selection rate 19.9809%
          Result count of selection rate 19.9809% is 13406483/67108864
          Time: 1169.27ms
      column selection rate 54.7%, total selection rate 29.9209%
          Result count of selection rate 29.9209% is 20074012/67108864
          Time: 1250.09ms
      column selection rate 63.2%, total selection rate 39.9424%
          Result count of selection rate 39.9424% is 26797552/67108864
          Time: 1316.43ms
      column selection rate 70.7%, total selection rate 49.9849%
          Result count of selection rate 49.9849% is 33535023/67108864
          Time: 1244.63ms
      column selection rate 77.4%, total selection rate 59.9076%
          Result count of selection rate 59.9076% is 40192966/67108864
          Time: 1207.89ms
      column selection rate 83.6%, total selection rate 69.8896%
          Result count of selection rate 69.8896% is 46894048/67108864
          Time: 1160.85ms
      column selection rate 89.4%, total selection rate 79.9236%
          Result count of selection rate 79.9236% is 53630732/67108864
          Time: 1483.36ms
      column selection rate 94.8%, total selection rate 89.8704%
          Result count of selection rate 89.8704% is 60311404/67108864
          Time: 1304.62ms
      column selection rate 100%, total selection rate 100%
          Result count of selection rate 100% is 67108864/67108864
          Time: 1015.52ms
>>> start projection calculation by Column-wise query processing model with late materialization strategy and independent dynamic vector intermediate results as well as dynamic vector final result
      column selection rate 31.6%, total selection rate 9.9856%
          Result count of selection rate 9.9856% is 6701319/67108864
          Time: 4786.86ms
      column selection rate 44.7%, total selection rate 19.9809%
          Result count of selection rate 19.9809% is 13406483/67108864
          Time: 4820.18ms
      column selection rate 54.7%, total selection rate 29.9209%
          Result count of selection rate 29.9209% is 20074012/67108864
          Time: 7267.9ms
      column selection rate 63.2%, total selection rate 39.9424%
          Result count of selection rate 39.9424% is 26797552/67108864
          Time: 9435.63ms
      column selection rate 70.7%, total selection rate 49.9849%
          Result count of selection rate 49.9849% is 33535023/67108864
          Time: 12459.7ms
      column selection rate 77.4%, total selection rate 59.9076%
          Result count of selection rate 59.9076% is 40192966/67108864
          Time: 9913.49ms
      column selection rate 83.6%, total selection rate 69.8896%
          Result count of selection rate 69.8896% is 46894048/67108864
          Time: 10559.4ms
      column selection rate 89.4%, total selection rate 79.9236%
          Result count of selection rate 79.9236% is 53630732/67108864
          Time: 11845.3ms
      column selection rate 94.8%, total selection rate 89.8704%
          Result count of selection rate 89.8704% is 60311404/67108864
          Time: 13655.9ms
      column selection rate 100%, total selection rate 100%
          Result count of selection rate 100% is 67108864/67108864
          Time: 13156.6ms
>>> start projection calculation by Column-wise query processing model with late materialization strategy and independent dynamic vector intermediate results as well as fixed vector final result
      column selection rate 31.6%, total selection rate 9.9856%
          Result count of selection rate 9.9856% is 6701319/67108864
          Time: 3573.16ms
      column selection rate 44.7%, total selection rate 19.9809%
          Result count of selection rate 19.9809% is 13406483/67108864
          Time: 5793.41ms
      column selection rate 54.7%, total selection rate 29.9209%
          Result count of selection rate 29.9209% is 20074012/67108864
          Time: 6300.08ms
      column selection rate 63.2%, total selection rate 39.9424%
          Result count of selection rate 39.9424% is 26797552/67108864
          Time: 6879.64ms
      column selection rate 70.7%, total selection rate 49.9849%
          Result count of selection rate 49.9849% is 33535023/67108864
          Time: 6197.48ms
      column selection rate 77.4%, total selection rate 59.9076%
          Result count of selection rate 59.9076% is 40192966/67108864
          Time: 8504.45ms
      column selection rate 83.6%, total selection rate 69.8896%
          Result count of selection rate 69.8896% is 46894048/67108864
          Time: 7136.13ms
      column selection rate 89.4%, total selection rate 79.9236%
          Result count of selection rate 79.9236% is 53630732/67108864
          Time: 7784.71ms
      column selection rate 94.8%, total selection rate 89.8704%
          Result count of selection rate 89.8704% is 60311404/67108864
          Time: 8029.26ms
      column selection rate 100%, total selection rate 100%
          Result count of selection rate 100% is 67108864/67108864
          Time: 7156.6ms
>>> start projection calculation by Column-wise query processing model with late materialization strategy and shared dynamic vector intermediate results as well as dynamic vector final result
      column selection rate 31.6%, total selection rate 9.9856%
          Result count of selection rate 9.9856% is 6701319/67108864
          Time: 2232.03ms
      column selection rate 44.7%, total selection rate 19.9809%
          Result count of selection rate 19.9809% is 13406483/67108864
          Time: 3443.4ms
      column selection rate 54.7%, total selection rate 29.9209%
          Result count of selection rate 29.9209% is 20074012/67108864
          Time: 4762.43ms
      column selection rate 63.2%, total selection rate 39.9424%
          Result count of selection rate 39.9424% is 26797552/67108864
          Time: 4543.4ms
      column selection rate 70.7%, total selection rate 49.9849%
          Result count of selection rate 49.9849% is 33535023/67108864
          Time: 5331.3ms
      column selection rate 77.4%, total selection rate 59.9076%
          Result count of selection rate 59.9076% is 40192966/67108864
          Time: 5798.2ms
      column selection rate 83.6%, total selection rate 69.8896%
          Result count of selection rate 69.8896% is 46894048/67108864
          Time: 6541.98ms
      column selection rate 89.4%, total selection rate 79.9236%
          Result count of selection rate 79.9236% is 53630732/67108864
          Time: 7946.13ms
      column selection rate 94.8%, total selection rate 89.8704%
          Result count of selection rate 89.8704% is 60311404/67108864
          Time: 7324.34ms
      column selection rate 100%, total selection rate 100%
          Result count of selection rate 100% is 67108864/67108864
          Time: 7135.01ms
>>> start projection calculation by Column-wise query processing model with late materialization strategy and shared dynamic vector intermediate results as well as fixed vector final result
      column selection rate 31.6%, total selection rate 9.9856%
          Result count of selection rate 9.9856% is 6701319/67108864
          Time: 2097.97ms
      column selection rate 44.7%, total selection rate 19.9809%
          Result count of selection rate 19.9809% is 13406483/67108864
          Time: 3599.14ms
      column selection rate 54.7%, total selection rate 29.9209%
          Result count of selection rate 29.9209% is 20074012/67108864
          Time: 3067.45ms
      column selection rate 63.2%, total selection rate 39.9424%
          Result count of selection rate 39.9424% is 26797552/67108864
          Time: 3963.76ms
      column selection rate 70.7%, total selection rate 49.9849%
          Result count of selection rate 49.9849% is 33535023/67108864
          Time: 4153.25ms
      column selection rate 77.4%, total selection rate 59.9076%
          Result count of selection rate 59.9076% is 40192966/67108864
          Time: 3518.03ms
      column selection rate 83.6%, total selection rate 69.8896%
          Result count of selection rate 69.8896% is 46894048/67108864
          Time: 4272.33ms
      column selection rate 89.4%, total selection rate 79.9236%
          Result count of selection rate 79.9236% is 53630732/67108864
          Time: 4161.21ms
      column selection rate 94.8%, total selection rate 89.8704%
          Result count of selection rate 89.8704% is 60311404/67108864
          Time: 3970.37ms
      column selection rate 100%, total selection rate 100%
          Result count of selection rate 100% is 67108864/67108864
          Time: 4584.87ms
>>> start projection calculation by Column-wise query processing model with late materialization strategy and independent fixed vector intermediate results as well as dynamic vector final result
      column selection rate 31.6%, total selection rate 9.9856%
          Result count of selection rate 9.9856% is 6701319/67108864
          Time: 1836.97ms
      column selection rate 44.7%, total selection rate 19.9809%
          Result count of selection rate 19.9809% is 13406483/67108864
          Time: 2674.62ms
      column selection rate 54.7%, total selection rate 29.9209%
          Result count of selection rate 29.9209% is 20074012/67108864
          Time: 3233.71ms
      column selection rate 63.2%, total selection rate 39.9424%
          Result count of selection rate 39.9424% is 26797552/67108864
          Time: 4009.91ms
      column selection rate 70.7%, total selection rate 49.9849%
          Result count of selection rate 49.9849% is 33535023/67108864
          Time: 4829.12ms
      column selection rate 77.4%, total selection rate 59.9076%
          Result count of selection rate 59.9076% is 40192966/67108864
          Time: 5367.03ms
      column selection rate 83.6%, total selection rate 69.8896%
          Result count of selection rate 69.8896% is 46894048/67108864
          Time: 5362.86ms
      column selection rate 89.4%, total selection rate 79.9236%
          Result count of selection rate 79.9236% is 53630732/67108864
          Time: 6582.7ms
      column selection rate 94.8%, total selection rate 89.8704%
          Result count of selection rate 89.8704% is 60311404/67108864
          Time: 6387.17ms
      column selection rate 100%, total selection rate 100%
          Result count of selection rate 100% is 67108864/67108864
          Time: 6923.68ms
>>> start projection calculation by Column-wise query processing model with late materialization strategy and independent fixed vector intermediate results as well as fixed vector final result
      column selection rate 31.6%, total selection rate 9.9856%
          Result count of selection rate 9.9856% is 6701319/67108864
          Time: 1657.8ms
      column selection rate 44.7%, total selection rate 19.9809%
          Result count of selection rate 19.9809% is 13406483/67108864
          Time: 2490.15ms
      column selection rate 54.7%, total selection rate 29.9209%
          Result count of selection rate 29.9209% is 20074012/67108864
          Time: 2816.12ms
      column selection rate 63.2%, total selection rate 39.9424%
          Result count of selection rate 39.9424% is 26797552/67108864
          Time: 2392.46ms
      column selection rate 70.7%, total selection rate 49.9849%
          Result count of selection rate 49.9849% is 33535023/67108864
          Time: 2168.04ms
      column selection rate 77.4%, total selection rate 59.9076%
          Result count of selection rate 59.9076% is 40192966/67108864
          Time: 2019.94ms
      column selection rate 83.6%, total selection rate 69.8896%
          Result count of selection rate 69.8896% is 46894048/67108864
          Time: 2108.87ms
      column selection rate 89.4%, total selection rate 79.9236%
          Result count of selection rate 79.9236% is 53630732/67108864
          Time: 2217.7ms
      column selection rate 94.8%, total selection rate 89.8704%
          Result count of selection rate 89.8704% is 60311404/67108864
          Time: 1760.48ms
      column selection rate 100%, total selection rate 100%
          Result count of selection rate 100% is 67108864/67108864
          Time: 1623.04ms
>>> start projection calculation by Column-wise query processing model with late materialization strategy and shared fixed vector intermediate results as well as dynamic vector final result
      column selection rate 31.6%, total selection rate 9.9856%
          Result count of selection rate 9.9856% is 6701319/67108864
          Time: 1120.9ms
      column selection rate 44.7%, total selection rate 19.9809%
          Result count of selection rate 19.9809% is 13406483/67108864
          Time: 1658.1ms
      column selection rate 54.7%, total selection rate 29.9209%
          Result count of selection rate 29.9209% is 20074012/67108864
          Time: 2093.6ms
      column selection rate 63.2%, total selection rate 39.9424%
          Result count of selection rate 39.9424% is 26797552/67108864
          Time: 3059.41ms
      column selection rate 70.7%, total selection rate 49.9849%
          Result count of selection rate 49.9849% is 33535023/67108864
          Time: 2869.3ms
      column selection rate 77.4%, total selection rate 59.9076%
          Result count of selection rate 59.9076% is 40192966/67108864
          Time: 2954.75ms
      column selection rate 83.6%, total selection rate 69.8896%
          Result count of selection rate 69.8896% is 46894048/67108864
          Time: 3169.49ms
      column selection rate 89.4%, total selection rate 79.9236%
          Result count of selection rate 79.9236% is 53630732/67108864
          Time: 4663.36ms
      column selection rate 94.8%, total selection rate 89.8704%
          Result count of selection rate 89.8704% is 60311404/67108864
          Time: 3876.66ms
      column selection rate 100%, total selection rate 100%
          Result count of selection rate 100% is 67108864/67108864
          Time: 4157.3ms
>>> start projection calculation by Column-wise query processing model with late materialization strategy and shared fixed vector intermediate results as well as fixed vector final result
      column selection rate 31.6%, total selection rate 9.9856%
          Result count of selection rate 9.9856% is 6701319/67108864
          Time: 943.169ms
      column selection rate 44.7%, total selection rate 19.9809%
          Result count of selection rate 19.9809% is 13406483/67108864
          Time: 1332.56ms
      column selection rate 54.7%, total selection rate 29.9209%
          Result count of selection rate 29.9209% is 20074012/67108864
          Time: 1445.91ms
      column selection rate 63.2%, total selection rate 39.9424%
          Result count of selection rate 39.9424% is 26797552/67108864
          Time: 1248.1ms
      column selection rate 70.7%, total selection rate 49.9849%
          Result count of selection rate 49.9849% is 33535023/67108864
          Time: 1402.5ms
      column selection rate 77.4%, total selection rate 59.9076%
          Result count of selection rate 59.9076% is 40192966/67108864
          Time: 1229.35ms
      column selection rate 83.6%, total selection rate 69.8896%
          Result count of selection rate 69.8896% is 46894048/67108864
          Time: 1217.88ms
      column selection rate 89.4%, total selection rate 79.9236%
          Result count of selection rate 79.9236% is 53630732/67108864
          Time: 1208.19ms
      column selection rate 94.8%, total selection rate 89.8704%
          Result count of selection rate 89.8704% is 60311404/67108864
          Time: 1262.38ms
      column selection rate 100%, total selection rate 100%
          Result count of selection rate 100% is 67108864/67108864
          Time: 1182.44ms
>>> start projection calculation by Column-wise query processing model with late materialization strategy and independent bitmap intermediate results as well as dynamic vector final result
      column selection rate 31.6%, total selection rate 9.9856%
          Result count of selection rate 9.9856% is 0/67108864
          Time: 251.424ms
      column selection rate 44.7%, total selection rate 19.9809%
          Result count of selection rate 19.9809% is 0/67108864
          Time: 252.383ms
      column selection rate 54.7%, total selection rate 29.9209%
          Result count of selection rate 29.9209% is 0/67108864
          Time: 259.122ms
      column selection rate 63.2%, total selection rate 39.9424%
          Result count of selection rate 39.9424% is 0/67108864
          Time: 257.469ms
      column selection rate 70.7%, total selection rate 49.9849%
          Result count of selection rate 49.9849% is 0/67108864
          Time: 259.767ms
      column selection rate 77.4%, total selection rate 59.9076%
          Result count of selection rate 59.9076% is 0/67108864
          Time: 253.706ms
      column selection rate 83.6%, total selection rate 69.8896%
          Result count of selection rate 69.8896% is 0/67108864
          Time: 259.754ms
      column selection rate 89.4%, total selection rate 79.9236%
          Result count of selection rate 79.9236% is 0/67108864
          Time: 272.367ms
      column selection rate 94.8%, total selection rate 89.8704%
          Result count of selection rate 89.8704% is 0/67108864
          Time: 269.221ms
      column selection rate 100%, total selection rate 100%
          Result count of selection rate 100% is 0/67108864
          Time: 296.815ms
>>> start projection calculation by Column-wise query processing model with late materialization strategy and independent bitmap intermediate results as well as fixed vector final result
      column selection rate 31.6%, total selection rate 9.9856%
          Result count of selection rate 9.9856% is 6701319/67108864
          Time: 1164.92ms
      column selection rate 44.7%, total selection rate 19.9809%
          Result count of selection rate 19.9809% is 13406483/67108864
          Time: 1280.93ms
      column selection rate 54.7%, total selection rate 29.9209%
          Result count of selection rate 29.9209% is 20074012/67108864
          Time: 1357.76ms
      column selection rate 63.2%, total selection rate 39.9424%
          Result count of selection rate 39.9424% is 26797552/67108864
          Time: 1447.36ms
      column selection rate 70.7%, total selection rate 49.9849%
          Result count of selection rate 49.9849% is 33535023/67108864
          Time: 1556.27ms
      column selection rate 77.4%, total selection rate 59.9076%
          Result count of selection rate 59.9076% is 40192966/67108864
          Time: 1420.64ms
      column selection rate 83.6%, total selection rate 69.8896%
          Result count of selection rate 69.8896% is 46894048/67108864
          Time: 1376.97ms
      column selection rate 89.4%, total selection rate 79.9236%
          Result count of selection rate 79.9236% is 53630732/67108864
          Time: 1348.83ms
      column selection rate 94.8%, total selection rate 89.8704%
          Result count of selection rate 89.8704% is 60311404/67108864
          Time: 1301.29ms
      column selection rate 100%, total selection rate 100%
          Result count of selection rate 100% is 67108864/67108864
          Time: 1425.33ms
>>> start projection calculation by Column-wise query processing model with late materialization strategy and shared dynamic vector intermediate results as well as dynamic vector final result
      column selection rate 31.6%, total selection rate 9.9856%
          Result count of selection rate 9.9856% is 6701319/67108864
          Time: 1670.92ms
      column selection rate 44.7%, total selection rate 19.9809%
          Result count of selection rate 19.9809% is 13406483/67108864
          Time: 2041.28ms
      column selection rate 54.7%, total selection rate 29.9209%
          Result count of selection rate 29.9209% is 20074012/67108864
          Time: 2457.05ms
      column selection rate 63.2%, total selection rate 39.9424%
          Result count of selection rate 39.9424% is 26797552/67108864
          Time: 2933.11ms
      column selection rate 70.7%, total selection rate 49.9849%
          Result count of selection rate 49.9849% is 33535023/67108864
          Time: 3579.37ms
      column selection rate 77.4%, total selection rate 59.9076%
          Result count of selection rate 59.9076% is 40192966/67108864
          Time: 3357.25ms
      column selection rate 83.6%, total selection rate 69.8896%
          Result count of selection rate 69.8896% is 46894048/67108864
          Time: 4580.24ms
      column selection rate 89.4%, total selection rate 79.9236%
          Result count of selection rate 79.9236% is 53630732/67108864
          Time: 3775.33ms
      column selection rate 94.8%, total selection rate 89.8704%
          Result count of selection rate 89.8704% is 60311404/67108864
          Time: 4047.81ms
      column selection rate 100%, total selection rate 100%
          Result count of selection rate 100% is 67108864/67108864
          Time: 4283.05ms
>>> start projection calculation by Column-wise query processing model with late materialization strategy and shared dynamic vector intermediate results as well as fixed vector final result
      column selection rate 31.6%, total selection rate 9.9856%
          Result count of selection rate 9.9856% is 6701319/67108864
          Time: 1226.66ms
      column selection rate 44.7%, total selection rate 19.9809%
          Result count of selection rate 19.9809% is 13406483/67108864
          Time: 1465.77ms
      column selection rate 54.7%, total selection rate 29.9209%
          Result count of selection rate 29.9209% is 20074012/67108864
          Time: 1625.69ms
      column selection rate 63.2%, total selection rate 39.9424%
          Result count of selection rate 39.9424% is 26797552/67108864
          Time: 1666.39ms
      column selection rate 70.7%, total selection rate 49.9849%
          Result count of selection rate 49.9849% is 33535023/67108864
          Time: 1658.6ms
      column selection rate 77.4%, total selection rate 59.9076%
          Result count of selection rate 59.9076% is 40192966/67108864
          Time: 1473.26ms
      column selection rate 83.6%, total selection rate 69.8896%
          Result count of selection rate 69.8896% is 46894048/67108864
          Time: 1386.85ms
      column selection rate 89.4%, total selection rate 79.9236%
          Result count of selection rate 79.9236% is 53630732/67108864
          Time: 1522.33ms
      column selection rate 94.8%, total selection rate 89.8704%
          Result count of selection rate 89.8704% is 60311404/67108864
          Time: 1422.43ms
      column selection rate 100%, total selection rate 100%
          Result count of selection rate 100% is 67108864/67108864
          Time: 1299.39ms
>>> start projection calculation by Vector-wise query processing model with early materialization strategy and dynamic vector final result
      column selection rate 31.6%, total selection rate 9.9856%
          Result count of selection rate 9.9856% is 6701319/67108864
          Time: 748.308ms
      column selection rate 44.7%, total selection rate 19.9809%
          Result count of selection rate 19.9809% is 13406483/67108864
          Time: 1052.79ms
      column selection rate 54.7%, total selection rate 29.9209%
          Result count of selection rate 29.9209% is 20074012/67108864
          Time: 1983.45ms
      column selection rate 63.2%, total selection rate 39.9424%
          Result count of selection rate 39.9424% is 26797552/67108864
          Time: 2209.9ms
      column selection rate 70.7%, total selection rate 49.9849%
          Result count of selection rate 49.9849% is 33535023/67108864
          Time: 2053.33ms
      column selection rate 77.4%, total selection rate 59.9076%
          Result count of selection rate 59.9076% is 40192966/67108864
          Time: 2286.09ms
      column selection rate 83.6%, total selection rate 69.8896%
          Result count of selection rate 69.8896% is 46894048/67108864
          Time: 2903.57ms
      column selection rate 89.4%, total selection rate 79.9236%
          Result count of selection rate 79.9236% is 53630732/67108864
          Time: 3321.45ms
      column selection rate 94.8%, total selection rate 89.8704%
          Result count of selection rate 89.8704% is 60311404/67108864
          Time: 2900.79ms
      column selection rate 100%, total selection rate 100%
          Result count of selection rate 100% is 67108864/67108864
          Time: 2971.64ms
>>> start projection calculation by Vector-wise query processing model with early materialization strategy and fixed vector final result
      column selection rate 31.6%, total selection rate 9.9856%
          Result count of selection rate 9.9856% is 6701319/67108864
          Time: 754.803ms
      column selection rate 44.7%, total selection rate 19.9809%
          Result count of selection rate 19.9809% is 13406483/67108864
          Time: 1088.28ms
      column selection rate 54.7%, total selection rate 29.9209%
          Result count of selection rate 29.9209% is 20074012/67108864
          Time: 1513.58ms
      column selection rate 63.2%, total selection rate 39.9424%
          Result count of selection rate 39.9424% is 26797552/67108864
          Time: 1433.17ms
      column selection rate 70.7%, total selection rate 49.9849%
          Result count of selection rate 49.9849% is 33535023/67108864
          Time: 1275.03ms
      column selection rate 77.4%, total selection rate 59.9076%
          Result count of selection rate 59.9076% is 40192966/67108864
          Time: 1098.11ms
      column selection rate 83.6%, total selection rate 69.8896%
          Result count of selection rate 69.8896% is 46894048/67108864
          Time: 1472.47ms
      column selection rate 89.4%, total selection rate 79.9236%
          Result count of selection rate 79.9236% is 53630732/67108864
          Time: 1200.74ms
      column selection rate 94.8%, total selection rate 89.8704%
          Result count of selection rate 89.8704% is 60311404/67108864
          Time: 1306.37ms
      column selection rate 100%, total selection rate 100%
          Result count of selection rate 100% is 67108864/67108864
          Time: 1135.54ms
>>> start projection calculation by Vector-wise query processing model with early materialization strategy and fixed vector final result in low selection rate test
      column selection rate 0.1 %, total selection rate 0.0001%
          Result count of selection rate 0% is 78/67108864
          Time: 174.695ms
      column selection rate 0.3 %, total selection rate 0.0009%
          Result count of selection rate 0% is 579/67108864
          Time: 226.048ms
      column selection rate 1 %, total selection rate 0.01%
          Result count of selection rate 0.0001% is 6799/67108864
          Time: 201.131ms
      column selection rate 3.1 %, total selection rate 0.0961%
          Result count of selection rate 0.0009% is 64645/67108864
          Time: 230.852ms
      column selection rate 10 %, total selection rate 1%
          Result count of selection rate 0.01% is 669930/67108864
          Time: 321.372ms
      column selection rate 31.6 %, total selection rate 9.9856%
          Result count of selection rate 0.0961% is 6701319/67108864
          Time: 770.694ms
>>> start projection calculation by Vector-wise query processing model with late materialization strategy and independent dynamic vector intermediate results as well as dynamic vector final result
      column selection rate 31.6%, total selection rate 9.9856%
          Result count of selection rate 9.9856% is 6701319/67108864
          Time: 4001.72ms
      column selection rate 44.7%, total selection rate 19.9809%
          Result count of selection rate 19.9809% is 13406483/67108864
          Time: 6166.73ms
      column selection rate 54.7%, total selection rate 29.9209%
          Result count of selection rate 29.9209% is 20074012/67108864
          Time: 7387.93ms
      column selection rate 63.2%, total selection rate 39.9424%
          Result count of selection rate 39.9424% is 26797552/67108864
          Time: 7707.33ms
      column selection rate 70.7%, total selection rate 49.9849%
          Result count of selection rate 49.9849% is 33535023/67108864
          Time: 9774.04ms
      column selection rate 77.4%, total selection rate 59.9076%
          Result count of selection rate 59.9076% is 40192966/67108864
          Time: 10333.4ms
      column selection rate 83.6%, total selection rate 69.8896%
          Result count of selection rate 69.8896% is 46894048/67108864
          Time: 11628.4ms
      column selection rate 89.4%, total selection rate 79.9236%
          Result count of selection rate 79.9236% is 53630732/67108864
          Time: 12085.8ms
      column selection rate 94.8%, total selection rate 89.8704%
          Result count of selection rate 89.8704% is 60311404/67108864
          Time: 12396.7ms
      column selection rate 100%, total selection rate 100%
          Result count of selection rate 100% is 67108864/67108864
          Time: 13694.4ms
>>> start projection calculation by Vector-wise query processing model with late materialization strategy and independent dynamic vector intermediate results and fixed vector final result
      column selection rate 31.6%, total selection rate 9.9856%
          Result count of selection rate 9.9856% is 6701319/67108864
          Time: 4325.23ms
      column selection rate 44.7%, total selection rate 19.9809%
          Result count of selection rate 19.9809% is 13406483/67108864
          Time: 4491.04ms
      column selection rate 54.7%, total selection rate 29.9209%
          Result count of selection rate 29.9209% is 20074012/67108864
          Time: 5502.16ms
      column selection rate 63.2%, total selection rate 39.9424%
          Result count of selection rate 39.9424% is 26797552/67108864
          Time: 6329.62ms
      column selection rate 70.7%, total selection rate 49.9849%
          Result count of selection rate 49.9849% is 33535023/67108864
          Time: 5941.81ms
      column selection rate 77.4%, total selection rate 59.9076%
          Result count of selection rate 59.9076% is 40192966/67108864
          Time: 6648.98ms
      column selection rate 83.6%, total selection rate 69.8896%
          Result count of selection rate 69.8896% is 46894048/67108864
          Time: 7035.81ms
      column selection rate 89.4%, total selection rate 79.9236%
          Result count of selection rate 79.9236% is 53630732/67108864
          Time: 6949.99ms
      column selection rate 94.8%, total selection rate 89.8704%
          Result count of selection rate 89.8704% is 60311404/67108864
          Time: 8091.85ms
      column selection rate 100%, total selection rate 100%
          Result count of selection rate 100% is 67108864/67108864
          Time: 6121.71ms
>>> start projection calculation by Vector-wise query processing model with late materialization strategy and shared dynamic vector intermediate results as well as dynamic vector final result
      column selection rate 31.6%, total selection rate 9.9856%
          Result count of selection rate 9.9856% is 6701319/67108864
          Time: 2224.97ms
      column selection rate 44.7%, total selection rate 19.9809%
          Result count of selection rate 19.9809% is 13406483/67108864
          Time: 3795.74ms
      column selection rate 54.7%, total selection rate 29.9209%
          Result count of selection rate 29.9209% is 20074012/67108864
          Time: 3943.12ms
      column selection rate 63.2%, total selection rate 39.9424%
          Result count of selection rate 39.9424% is 26797552/67108864
          Time: 4212.26ms
      column selection rate 70.7%, total selection rate 49.9849%
          Result count of selection rate 49.9849% is 33535023/67108864
          Time: 5375.18ms
      column selection rate 77.4%, total selection rate 59.9076%
          Result count of selection rate 59.9076% is 40192966/67108864
          Time: 5355.17ms
      column selection rate 83.6%, total selection rate 69.8896%
          Result count of selection rate 69.8896% is 46894048/67108864
          Time: 9195.63ms
      column selection rate 89.4%, total selection rate 79.9236%
          Result count of selection rate 79.9236% is 53630732/67108864
          Time: 9020.77ms
      column selection rate 94.8%, total selection rate 89.8704%
          Result count of selection rate 89.8704% is 60311404/67108864
          Time: 6867.82ms
      column selection rate 100%, total selection rate 100%
          Result count of selection rate 100% is 67108864/67108864
          Time: 7893.16ms
>>> start projection calculation by Vector-wise query processing model with late materialization strategy and shared dynamic vector intermediate results as well as fixed vector final result
      column selection rate 31.6%, total selection rate 9.9856%
          Result count of selection rate 9.9856% is 6701319/67108864
          Time: 1772.11ms
      column selection rate 44.7%, total selection rate 19.9809%
          Result count of selection rate 19.9809% is 13406483/67108864
          Time: 2255.53ms
      column selection rate 54.7%, total selection rate 29.9209%
          Result count of selection rate 29.9209% is 20074012/67108864
          Time: 2656.92ms
      column selection rate 63.2%, total selection rate 39.9424%
          Result count of selection rate 39.9424% is 26797552/67108864
          Time: 3281.46ms
      column selection rate 70.7%, total selection rate 49.9849%
          Result count of selection rate 49.9849% is 33535023/67108864
          Time: 3769.46ms
      column selection rate 77.4%, total selection rate 59.9076%
          Result count of selection rate 59.9076% is 40192966/67108864
          Time: 3144.49ms
      column selection rate 83.6%, total selection rate 69.8896%
          Result count of selection rate 69.8896% is 46894048/67108864
          Time: 3686.07ms
      column selection rate 89.4%, total selection rate 79.9236%
          Result count of selection rate 79.9236% is 53630732/67108864
          Time: 5184.06ms
      column selection rate 94.8%, total selection rate 89.8704%
          Result count of selection rate 89.8704% is 60311404/67108864
          Time: 4319.49ms
      column selection rate 100%, total selection rate 100%
          Result count of selection rate 100% is 67108864/67108864
          Time: 4927.3ms
>>> start projection calculation by Vector-wise query processing model with late materialization strategy and independent fixed vector intermediate results as well as dynamic vector final result
      column selection rate 31.6%, total selection rate 9.9856%
          Result count of selection rate 9.9856% is 103/67108864
          Time: 1656.06ms
      column selection rate 44.7%, total selection rate 19.9809%
          Result count of selection rate 19.9809% is 198/67108864
          Time: 2429.13ms
      column selection rate 54.7%, total selection rate 29.9209%
          Result count of selection rate 29.9209% is 309/67108864
          Time: 3585.14ms
      column selection rate 63.2%, total selection rate 39.9424%
          Result count of selection rate 39.9424% is 405/67108864
          Time: 3911.74ms
      column selection rate 70.7%, total selection rate 49.9849%
          Result count of selection rate 49.9849% is 498/67108864
          Time: 4285.48ms
      column selection rate 77.4%, total selection rate 59.9076%
          Result count of selection rate 59.9076% is 596/67108864
          Time: 5285.39ms
      column selection rate 83.6%, total selection rate 69.8896%
          Result count of selection rate 69.8896% is 696/67108864
          Time: 6134.1ms
      column selection rate 89.4%, total selection rate 79.9236%
          Result count of selection rate 79.9236% is 808/67108864
          Time: 5501.86ms
      column selection rate 94.8%, total selection rate 89.8704%
          Result count of selection rate 89.8704% is 913/67108864
          Time: 6451.47ms
      column selection rate 100%, total selection rate 100%
          Result count of selection rate 100% is 1024/67108864
          Time: 5520.15ms
>>> start projection calculation by Vector-wise query processing model with late materialization strategy and independent fixed vector intermediate results as well as fixed vector final result
      column selection rate 31.6%, total selection rate 9.9856%
          Result count of selection rate 9.9856% is 6701319/67108864
          Time: 1545.55ms
      column selection rate 44.7%, total selection rate 19.9809%
          Result count of selection rate 19.9809% is 13406483/67108864
          Time: 2023.27ms
      column selection rate 54.7%, total selection rate 29.9209%
          Result count of selection rate 29.9209% is 20074012/67108864
          Time: 2093.24ms
      column selection rate 63.2%, total selection rate 39.9424%
          Result count of selection rate 39.9424% is 26797552/67108864
          Time: 2180.32ms
      column selection rate 70.7%, total selection rate 49.9849%
          Result count of selection rate 49.9849% is 33535023/67108864
          Time: 1964.57ms
      column selection rate 77.4%, total selection rate 59.9076%
          Result count of selection rate 59.9076% is 40192966/67108864
          Time: 1815.97ms
      column selection rate 83.6%, total selection rate 69.8896%
          Result count of selection rate 69.8896% is 46894048/67108864
          Time: 1753.16ms
      column selection rate 89.4%, total selection rate 79.9236%
          Result count of selection rate 79.9236% is 53630732/67108864
          Time: 1814.37ms
      column selection rate 94.8%, total selection rate 89.8704%
          Result count of selection rate 89.8704% is 60311404/67108864
          Time: 1595.2ms
      column selection rate 100%, total selection rate 100%
          Result count of selection rate 100% is 67108864/67108864
          Time: 1343.11ms
>>> start projection calculation by Vector-wise query processing model with late materialization strategy and shared fixed vector intermediate results as well as dynamic vector final result
      column selection rate 31.6%, total selection rate 9.9856%
          Result count of selection rate 9.9856% is 6701319/67108864
          Time: 1091.78ms
      column selection rate 44.7%, total selection rate 19.9809%
          Result count of selection rate 19.9809% is 13406483/67108864
          Time: 1735.58ms
      column selection rate 54.7%, total selection rate 29.9209%
          Result count of selection rate 29.9209% is 20074012/67108864
          Time: 2047.54ms
      column selection rate 63.2%, total selection rate 39.9424%
          Result count of selection rate 39.9424% is 26797552/67108864
          Time: 2412.83ms
      column selection rate 70.7%, total selection rate 49.9849%
          Result count of selection rate 49.9849% is 33535023/67108864
          Time: 3231.9ms
      column selection rate 77.4%, total selection rate 59.9076%
          Result count of selection rate 59.9076% is 40192966/67108864
          Time: 3174.75ms
      column selection rate 83.6%, total selection rate 69.8896%
          Result count of selection rate 69.8896% is 46894048/67108864
          Time: 3210.45ms
      column selection rate 89.4%, total selection rate 79.9236%
          Result count of selection rate 79.9236% is 53630732/67108864
          Time: 4135.9ms
      column selection rate 94.8%, total selection rate 89.8704%
          Result count of selection rate 89.8704% is 60311404/67108864
          Time: 6458.01ms
      column selection rate 100%, total selection rate 100%
          Result count of selection rate 100% is 67108864/67108864
          Time: 5933.63ms
>>> start projection calculation by Vector-wise query processing model with late materialization strategy and shared fixed vector intermediate results as well as fixed vector final result
      column selection rate 31.6%, total selection rate 9.9856%
          Result count of selection rate 9.9856% is 6701319/67108864
          Time: 827.3ms
      column selection rate 44.7%, total selection rate 19.9809%
          Result count of selection rate 19.9809% is 13406483/67108864
          Time: 1069.87ms
      column selection rate 54.7%, total selection rate 29.9209%
          Result count of selection rate 29.9209% is 20074012/67108864
          Time: 1294.53ms
      column selection rate 63.2%, total selection rate 39.9424%
          Result count of selection rate 39.9424% is 26797552/67108864
          Time: 1613.95ms
      column selection rate 70.7%, total selection rate 49.9849%
          Result count of selection rate 49.9849% is 33535023/67108864
          Time: 1325.59ms
      column selection rate 77.4%, total selection rate 59.9076%
          Result count of selection rate 59.9076% is 40192966/67108864
          Time: 1158.45ms
      column selection rate 83.6%, total selection rate 69.8896%
          Result count of selection rate 69.8896% is 46894048/67108864
          Time: 1145.55ms
      column selection rate 89.4%, total selection rate 79.9236%
          Result count of selection rate 79.9236% is 53630732/67108864
          Time: 1237.65ms
      column selection rate 94.8%, total selection rate 89.8704%
          Result count of selection rate 89.8704% is 60311404/67108864
          Time: 1110.63ms
      column selection rate 100%, total selection rate 100%
          Result count of selection rate 100% is 67108864/67108864
          Time: 1172.06ms
>>> start projection calculation by Vector-wise query processing model with late materialization strategy and shared fixed vector intermediate results as well as fixed vector final result
      column selection rate 0.1 %, total selection rate 0.0001%
          Result count of selection rate 0% is 78/67108864
          Time: 190.859ms
      column selection rate 0.3 %, total selection rate 0.0009%
          Result count of selection rate 0% is 579/67108864
          Time: 191.793ms
      column selection rate 1 %, total selection rate 0.01%
          Result count of selection rate 0.0001% is 6799/67108864
          Time: 202.442ms
      column selection rate 3.1 %, total selection rate 0.0961%
          Result count of selection rate 0.0009% is 64645/67108864
          Time: 231.155ms
      column selection rate 10 %, total selection rate 1%
          Result count of selection rate 0.01% is 669930/67108864
          Time: 320.55ms
      column selection rate 31.6 %, total selection rate 9.9856%
          Result count of selection rate 0.0961% is 6701319/67108864
          Time: 777.332ms
>>> start projection calculation by Vector-wise query processing model with late materialization strategy and independent bitmap intermediate results as well as dynamic vector final result
      column selection rate 31.6%, total selection rate 9.9856%
          Result count of selection rate 9.9856% is 0/67108864
          Time: 167.19ms
      column selection rate 44.7%, total selection rate 19.9809%
          Result count of selection rate 19.9809% is 0/67108864
          Time: 190.547ms
      column selection rate 54.7%, total selection rate 29.9209%
          Result count of selection rate 29.9209% is 0/67108864
          Time: 213.844ms
      column selection rate 63.2%, total selection rate 39.9424%
          Result count of selection rate 39.9424% is 0/67108864
          Time: 207.115ms
      column selection rate 70.7%, total selection rate 49.9849%
          Result count of selection rate 49.9849% is 0/67108864
          Time: 199.42ms
      column selection rate 77.4%, total selection rate 59.9076%
          Result count of selection rate 59.9076% is 0/67108864
          Time: 179.625ms
      column selection rate 83.6%, total selection rate 69.8896%
          Result count of selection rate 69.8896% is 0/67108864
          Time: 217.144ms
      column selection rate 89.4%, total selection rate 79.9236%
          Result count of selection rate 79.9236% is 0/67108864
          Time: 245.698ms
      column selection rate 94.8%, total selection rate 89.8704%
          Result count of selection rate 89.8704% is 0/67108864
          Time: 222.913ms
      column selection rate 100%, total selection rate 100%
          Result count of selection rate 100% is 0/67108864
          Time: 200.212ms
>>> start projection calculation by Vector-wise query processing model with late materialization strategy and independent bitmap intermediate results as well as fixed vector final result
      column selection rate 31.6%, total selection rate 9.9856%
          Result count of selection rate 9.9856% is 6701319/67108864
          Time: 1123.8ms
      column selection rate 44.7%, total selection rate 19.9809%
          Result count of selection rate 19.9809% is 13406483/67108864
          Time: 1038.97ms
      column selection rate 54.7%, total selection rate 29.9209%
          Result count of selection rate 29.9209% is 20074012/67108864
          Time: 1142.69ms
      column selection rate 63.2%, total selection rate 39.9424%
          Result count of selection rate 39.9424% is 26797552/67108864
          Time: 1249.8ms
      column selection rate 70.7%, total selection rate 49.9849%
          Result count of selection rate 49.9849% is 33535023/67108864
          Time: 1331.81ms
      column selection rate 77.4%, total selection rate 59.9076%
          Result count of selection rate 59.9076% is 40192966/67108864
          Time: 1338.13ms
      column selection rate 83.6%, total selection rate 69.8896%
          Result count of selection rate 69.8896% is 46894048/67108864
          Time: 1306.96ms
      column selection rate 89.4%, total selection rate 79.9236%
          Result count of selection rate 79.9236% is 53630732/67108864
          Time: 1258.07ms
      column selection rate 94.8%, total selection rate 89.8704%
          Result count of selection rate 89.8704% is 60311404/67108864
          Time: 1297.59ms
      column selection rate 100%, total selection rate 100%
          Result count of selection rate 100% is 67108864/67108864
          Time: 1394.4ms
>>> start projection calculation by Vector-wise query processing model with late materialization strategy and independent bitmap intermediate results as well as fixed vector final result in low selection rate test
      column selection rate 0.1 %, total selection rate 0.0001%
          Result count of selection rate 0% is 78/67108864
          Time: 841.816ms
      column selection rate 0.3 %, total selection rate 0.0009%
          Result count of selection rate 0% is 579/67108864
          Time: 833.698ms
      column selection rate 1 %, total selection rate 0.01%
          Result count of selection rate 0.0001% is 6799/67108864
          Time: 780.727ms
      column selection rate 3.1 %, total selection rate 0.0961%
          Result count of selection rate 0.0009% is 64645/67108864
          Time: 768.476ms
      column selection rate 10 %, total selection rate 1%
          Result count of selection rate 0.01% is 669930/67108864
          Time: 769.215ms
      column selection rate 31.6 %, total selection rate 9.9856%
          Result count of selection rate 0.0961% is 6701319/67108864
          Time: 875.584ms
>>> start projection calculation by Vector-wise query processing model with late materialization strategy and shared dynamic vector intermediate results as well as dynamic vector final result
      column selection rate 31.6%, total selection rate 9.9856%
          Result count of selection rate 9.9856% is 6701319/67108864
          Time: 1380.69ms
      column selection rate 44.7%, total selection rate 19.9809%
          Result count of selection rate 19.9809% is 13406483/67108864
          Time: 2033.26ms
      column selection rate 54.7%, total selection rate 29.9209%
          Result count of selection rate 29.9209% is 20074012/67108864
          Time: 2609.37ms
      column selection rate 63.2%, total selection rate 39.9424%
          Result count of selection rate 39.9424% is 26797552/67108864
          Time: 3479.07ms
      column selection rate 70.7%, total selection rate 49.9849%
          Result count of selection rate 49.9849% is 33535023/67108864
          Time: 3958.31ms
      column selection rate 77.4%, total selection rate 59.9076%
          Result count of selection rate 59.9076% is 40192966/67108864
          Time: 3885.56ms
      column selection rate 83.6%, total selection rate 69.8896%
          Result count of selection rate 69.8896% is 46894048/67108864
          Time: 3466.85ms
      column selection rate 89.4%, total selection rate 79.9236%
          Result count of selection rate 79.9236% is 53630732/67108864
          Time: 4029.87ms
      column selection rate 94.8%, total selection rate 89.8704%
          Result count of selection rate 89.8704% is 60311404/67108864
          Time: 4195.1ms
      column selection rate 100%, total selection rate 100%
          Result count of selection rate 100% is 67108864/67108864
          Time: 3838.45ms
>>> start projection calculation by Vector-wise query processing model with late materialization strategy and shared dynamic vector intermediate results as well as fixed vector final result
      column selection rate 31.6%, total selection rate 9.9856%
          Result count of selection rate 9.9856% is 6701319/67108864
          Time: 1073.49ms
      column selection rate 44.7%, total selection rate 19.9809%
          Result count of selection rate 19.9809% is 13406483/67108864
          Time: 1380.95ms
      column selection rate 54.7%, total selection rate 29.9209%
          Result count of selection rate 29.9209% is 20074012/67108864
          Time: 1727.88ms
      column selection rate 63.2%, total selection rate 39.9424%
          Result count of selection rate 39.9424% is 26797552/67108864
          Time: 1863.06ms
      column selection rate 70.7%, total selection rate 49.9849%
          Result count of selection rate 49.9849% is 33535023/67108864
          Time: 1569.29ms
      column selection rate 77.4%, total selection rate 59.9076%
          Result count of selection rate 59.9076% is 40192966/67108864
          Time: 1454.81ms
      column selection rate 83.6%, total selection rate 69.8896%
          Result count of selection rate 69.8896% is 46894048/67108864
          Time: 1349.67ms
      column selection rate 89.4%, total selection rate 79.9236%
          Result count of selection rate 79.9236% is 53630732/67108864
          Time: 1222.34ms
      column selection rate 94.8%, total selection rate 89.8704%
          Result count of selection rate 89.8704% is 60311404/67108864
          Time: 1111.26ms
      column selection rate 100%, total selection rate 100%
          Result count of selection rate 100% is 67108864/67108864
          Time: 1054.4ms
